I will add up the numbers you give me.
Number: The total so far is 6
Number: The total so far is 15
Number: The total so far is 12
Number: The total so far is 14
Number: 
The total is 14.
