My name is Juan Valdez and I'll graduate in 2010.
