Hello.  What is your name? 
Hi, Percy_Bysshe_Shelley!  How old are you? 
Did you know that in five years you will be 39 years old?
And five years ago you were 29! Imagine that!
