Hello. What is your name?

Hi, Dennis!  How old are you?

So you're 37, eh?  That's not old at all!
How much do you make, Dennis?

8.5!  I hope that's per hour and not per year! LOL!
