Hey, what's your name? (Sorry, I keep forgetting.) Ok, Billy_Corgan, how old are you? 
You can drive but not vote, Billy_Corgan.
